Archive member included to satisfy reference by file (symbol)

/usr/lib/gcc/avr/9.3.0/../../../../avr/lib/avr5/libm.a(fixunssfsi.o)
                              main.o (__fixunssfsi)
/usr/lib/gcc/avr/9.3.0/../../../../avr/lib/avr5/libm.a(floatsisf.o)
                              main.o (__floatunsisf)
/usr/lib/gcc/avr/9.3.0/../../../../avr/lib/avr5/libm.a(fp_split3.o)
                              /usr/lib/gcc/avr/9.3.0/../../../../avr/lib/avr5/libm.a(fixunssfsi.o) (__fp_splitA)
/usr/lib/gcc/avr/9.3.0/../../../../avr/lib/avr5/libm.a(fp_zero.o)
                              /usr/lib/gcc/avr/9.3.0/../../../../avr/lib/avr5/libm.a(fixunssfsi.o) (__fp_zero)
/usr/lib/gcc/avr/9.3.0/../../../../avr/lib/avr5/libm.a(mulsf3.o)
                              main.o (__mulsf3)
/usr/lib/gcc/avr/9.3.0/../../../../avr/lib/avr5/libm.a(mulsf3x.o)
                              /usr/lib/gcc/avr/9.3.0/../../../../avr/lib/avr5/libm.a(mulsf3.o) (__mulsf3x)
/usr/lib/gcc/avr/9.3.0/../../../../avr/lib/avr5/libm.a(fp_inf.o)
                              /usr/lib/gcc/avr/9.3.0/../../../../avr/lib/avr5/libm.a(mulsf3x.o) (__fp_inf)
/usr/lib/gcc/avr/9.3.0/../../../../avr/lib/avr5/libm.a(fp_nan.o)
                              /usr/lib/gcc/avr/9.3.0/../../../../avr/lib/avr5/libm.a(mulsf3x.o) (__fp_nan)
/usr/lib/gcc/avr/9.3.0/../../../../avr/lib/avr5/libm.a(fp_pscA.o)
                              /usr/lib/gcc/avr/9.3.0/../../../../avr/lib/avr5/libm.a(mulsf3x.o) (__fp_pscA)
/usr/lib/gcc/avr/9.3.0/../../../../avr/lib/avr5/libm.a(fp_pscB.o)
                              /usr/lib/gcc/avr/9.3.0/../../../../avr/lib/avr5/libm.a(mulsf3x.o) (__fp_pscB)
/usr/lib/gcc/avr/9.3.0/../../../../avr/lib/avr5/libm.a(fp_round.o)
                              /usr/lib/gcc/avr/9.3.0/../../../../avr/lib/avr5/libm.a(mulsf3.o) (__fp_round)
/usr/lib/gcc/avr/9.3.0/avr5/libgcc.a(_divmodsi4.o)
                              main.o (__divmodsi4)
/usr/lib/gcc/avr/9.3.0/avr5/libgcc.a(_negsi2.o)
                              /usr/lib/gcc/avr/9.3.0/avr5/libgcc.a(_divmodsi4.o) (__negsi2)
/usr/lib/gcc/avr/9.3.0/avr5/libgcc.a(_exit.o)
                              /usr/lib/gcc/avr/9.3.0/../../../../avr/lib/avr5/crtatmega32u4.o (exit)
/usr/lib/gcc/avr/9.3.0/avr5/libgcc.a(_tablejump2.o)
                              main.o (__tablejump2__)
/usr/lib/gcc/avr/9.3.0/avr5/libgcc.a(_copy_data.o)
                              main.o (__do_copy_data)
/usr/lib/gcc/avr/9.3.0/avr5/libgcc.a(_clear_bss.o)
                              main.o (__do_clear_bss)
/usr/lib/gcc/avr/9.3.0/avr5/libgcc.a(_udivmodsi4.o)
                              /usr/lib/gcc/avr/9.3.0/avr5/libgcc.a(_divmodsi4.o) (__udivmodsi4)
/usr/lib/gcc/avr/9.3.0/../../../../avr/lib/avr5/libc.a(malloc.o)
                              main.o (__brkval)

Allocating common symbols
Common symbol       size              file

vcc                 0x2               main.o
a1                  0x2               main.o
changeled           0x1               main.o
temp                0x2               main.o
a3                  0x2               main.o
__brkval            0x2               /usr/lib/gcc/avr/9.3.0/../../../../avr/lib/avr5/libc.a(malloc.o)
buffer_address      0x1               main.o
crc                 0x1               main.o
led                 0x3               main.o
fanspin             0x2               main.o
twdrbuffer          0x1               main.o
rpm                 0x2               main.o
a7                  0x2               main.o
a7avg               0x2               main.o
a7max               0x2               main.o
a5                  0x2               main.o
a7min               0x2               main.o
a2                  0x2               main.o
count               0x1               main.o
isrtimer            0x2               main.o
__flp               0x2               /usr/lib/gcc/avr/9.3.0/../../../../avr/lib/avr5/libc.a(malloc.o)
a0                  0x2               main.o
a4                  0x2               main.o

Memory Configuration

Name             Origin             Length             Attributes
text             0x0000000000000000 0x0000000000020000 xr
data             0x0000000000800060 0x000000000000ffa0 rw !x
eeprom           0x0000000000810000 0x0000000000010000 rw !x
fuse             0x0000000000820000 0x0000000000000400 rw !x
lock             0x0000000000830000 0x0000000000000400 rw !x
signature        0x0000000000840000 0x0000000000000400 rw !x
user_signatures  0x0000000000850000 0x0000000000000400 rw !x
*default*        0x0000000000000000 0xffffffffffffffff

Linker script and memory map

Address of section .data set to 0x800100
LOAD /usr/lib/gcc/avr/9.3.0/../../../../avr/lib/avr5/crtatmega32u4.o
LOAD main.o
LOAD /usr/lib/gcc/avr/9.3.0/../../../../avr/lib/avr5/libm.a
START GROUP
LOAD /usr/lib/gcc/avr/9.3.0/avr5/libgcc.a
LOAD /usr/lib/gcc/avr/9.3.0/../../../../avr/lib/avr5/libm.a
LOAD /usr/lib/gcc/avr/9.3.0/../../../../avr/lib/avr5/libc.a
LOAD /usr/lib/gcc/avr/9.3.0/../../../../avr/lib/avr5/libatmega32u4.a
END GROUP
                0x0000000000020000                __TEXT_REGION_LENGTH__ = DEFINED (__TEXT_REGION_LENGTH__)?__TEXT_REGION_LENGTH__:0x20000
                0x000000000000ffa0                __DATA_REGION_LENGTH__ = DEFINED (__DATA_REGION_LENGTH__)?__DATA_REGION_LENGTH__:0xffa0
                0x0000000000010000                __EEPROM_REGION_LENGTH__ = DEFINED (__EEPROM_REGION_LENGTH__)?__EEPROM_REGION_LENGTH__:0x10000
                0x0000000000000400                __FUSE_REGION_LENGTH__ = DEFINED (__FUSE_REGION_LENGTH__)?__FUSE_REGION_LENGTH__:0x400
                0x0000000000000400                __LOCK_REGION_LENGTH__ = DEFINED (__LOCK_REGION_LENGTH__)?__LOCK_REGION_LENGTH__:0x400
                0x0000000000000400                __SIGNATURE_REGION_LENGTH__ = DEFINED (__SIGNATURE_REGION_LENGTH__)?__SIGNATURE_REGION_LENGTH__:0x400
                0x0000000000000400                __USER_SIGNATURE_REGION_LENGTH__ = DEFINED (__USER_SIGNATURE_REGION_LENGTH__)?__USER_SIGNATURE_REGION_LENGTH__:0x400

.hash
 *(.hash)

.dynsym
 *(.dynsym)

.dynstr
 *(.dynstr)

.gnu.version
 *(.gnu.version)

.gnu.version_d
 *(.gnu.version_d)

.gnu.version_r
 *(.gnu.version_r)

.rel.init
 *(.rel.init)

.rela.init
 *(.rela.init)

.rel.text
 *(.rel.text)
 *(.rel.text.*)
 *(.rel.gnu.linkonce.t*)

.rela.text
 *(.rela.text)
 *(.rela.text.*)
 *(.rela.gnu.linkonce.t*)

.rel.fini
 *(.rel.fini)

.rela.fini
 *(.rela.fini)

.rel.rodata
 *(.rel.rodata)
 *(.rel.rodata.*)
 *(.rel.gnu.linkonce.r*)

.rela.rodata
 *(.rela.rodata)
 *(.rela.rodata.*)
 *(.rela.gnu.linkonce.r*)

.rel.data
 *(.rel.data)
 *(.rel.data.*)
 *(.rel.gnu.linkonce.d*)

.rela.data
 *(.rela.data)
 *(.rela.data.*)
 *(.rela.gnu.linkonce.d*)

.rel.ctors
 *(.rel.ctors)

.rela.ctors
 *(.rela.ctors)

.rel.dtors
 *(.rel.dtors)

.rela.dtors
 *(.rela.dtors)

.rel.got
 *(.rel.got)

.rela.got
 *(.rela.got)

.rel.bss
 *(.rel.bss)

.rela.bss
 *(.rela.bss)

.rel.plt
 *(.rel.plt)

.rela.plt
 *(.rela.plt)

.text           0x0000000000000000     0x10cc
 *(.vectors)
 .vectors       0x0000000000000000       0xac /usr/lib/gcc/avr/9.3.0/../../../../avr/lib/avr5/crtatmega32u4.o
                0x0000000000000000                __vectors
                0x0000000000000000                __vector_default
 *(.vectors)
 *(.progmem.gcc*)
                0x00000000000000ac                . = ALIGN (0x2)
                0x00000000000000ac                __trampolines_start = .
 *(.trampolines)
 .trampolines   0x00000000000000ac        0x0 linker stubs
 *(.trampolines*)
                0x00000000000000ac                __trampolines_end = .
 *libprintf_flt.a:*(.progmem.data)
 *libc.a:*(.progmem.data)
 *(.progmem.*)
                0x00000000000000ac                . = ALIGN (0x2)
 *(.lowtext)
 *(.lowtext*)
                0x00000000000000ac                __ctors_start = .
 *(.ctors)
                0x00000000000000ac                __ctors_end = .
                0x00000000000000ac                __dtors_start = .
 *(.dtors)
                0x00000000000000ac                __dtors_end = .
 SORT_BY_NAME(*)(.ctors)
 SORT_BY_NAME(*)(.dtors)
 *(.init0)
 .init0         0x00000000000000ac        0x0 /usr/lib/gcc/avr/9.3.0/../../../../avr/lib/avr5/crtatmega32u4.o
                0x00000000000000ac                __init
 *(.init0)
 *(.init1)
 *(.init1)
 *(.init2)
 .init2         0x00000000000000ac        0xc /usr/lib/gcc/avr/9.3.0/../../../../avr/lib/avr5/crtatmega32u4.o
 *(.init2)
 *(.init3)
 *(.init3)
 *(.init4)
 .init4         0x00000000000000b8       0x16 /usr/lib/gcc/avr/9.3.0/avr5/libgcc.a(_copy_data.o)
                0x00000000000000b8                __do_copy_data
 .init4         0x00000000000000ce       0x10 /usr/lib/gcc/avr/9.3.0/avr5/libgcc.a(_clear_bss.o)
                0x00000000000000ce                __do_clear_bss
 *(.init4)
 *(.init5)
 *(.init5)
 *(.init6)
 *(.init6)
 *(.init7)
 *(.init7)
 *(.init8)
 *(.init8)
 *(.init9)
 .init9         0x00000000000000de        0x8 /usr/lib/gcc/avr/9.3.0/../../../../avr/lib/avr5/crtatmega32u4.o
 *(.init9)
 *(.text)
 .text          0x00000000000000e6        0x4 /usr/lib/gcc/avr/9.3.0/../../../../avr/lib/avr5/crtatmega32u4.o
                0x00000000000000e6                __vector_38
                0x00000000000000e6                __vector_22
                0x00000000000000e6                __vector_28
                0x00000000000000e6                __vector_1
                0x00000000000000e6                __vector_32
                0x00000000000000e6                __vector_34
                0x00000000000000e6                __vector_24
                0x00000000000000e6                __vector_12
                0x00000000000000e6                __bad_interrupt
                0x00000000000000e6                __vector_6
                0x00000000000000e6                __vector_31
                0x00000000000000e6                __vector_35
                0x00000000000000e6                __vector_39
                0x00000000000000e6                __vector_3
                0x00000000000000e6                __vector_30
                0x00000000000000e6                __vector_25
                0x00000000000000e6                __vector_11
                0x00000000000000e6                __vector_13
                0x00000000000000e6                __vector_17
                0x00000000000000e6                __vector_19
                0x00000000000000e6                __vector_7
                0x00000000000000e6                __vector_41
                0x00000000000000e6                __vector_27
                0x00000000000000e6                __vector_5
                0x00000000000000e6                __vector_33
                0x00000000000000e6                __vector_37
                0x00000000000000e6                __vector_4
                0x00000000000000e6                __vector_2
                0x00000000000000e6                __vector_21
                0x00000000000000e6                __vector_15
                0x00000000000000e6                __vector_29
                0x00000000000000e6                __vector_40
                0x00000000000000e6                __vector_8
                0x00000000000000e6                __vector_26
                0x00000000000000e6                __vector_14
                0x00000000000000e6                __vector_10
                0x00000000000000e6                __vector_16
                0x00000000000000e6                __vector_18
                0x00000000000000e6                __vector_20
                0x00000000000000e6                __vector_42
 .text          0x00000000000000ea      0x7ec main.o
                0x00000000000000fc                ws2812_sendarray_mask
                0x0000000000000158                ws2812_setleds_pin
                0x0000000000000174                ws2812_setleds
                0x000000000000017a                ws2812_sendarray
                0x0000000000000180                writebl
                0x00000000000001fa                initbl
                0x0000000000000230                write
                0x0000000000000288                setup_lcd
                0x00000000000002d6                readAna
                0x0000000000000340                readVcc
                0x00000000000003ac                GetTemp
                0x0000000000000406                freeRam
                0x0000000000000434                I2C_init
                0x000000000000044a                __vector_9
                0x0000000000000474                __vector_23
                0x0000000000000498                __vector_36
                0x0000000000000828                setup
 .text          0x00000000000008d6        0x0 /usr/lib/gcc/avr/9.3.0/../../../../avr/lib/avr5/libm.a(fixunssfsi.o)
 .text          0x00000000000008d6        0x0 /usr/lib/gcc/avr/9.3.0/../../../../avr/lib/avr5/libm.a(floatsisf.o)
 .text          0x00000000000008d6        0x0 /usr/lib/gcc/avr/9.3.0/../../../../avr/lib/avr5/libm.a(fp_split3.o)
 .text          0x00000000000008d6        0x0 /usr/lib/gcc/avr/9.3.0/../../../../avr/lib/avr5/libm.a(fp_zero.o)
 .text          0x00000000000008d6        0x0 /usr/lib/gcc/avr/9.3.0/../../../../avr/lib/avr5/libm.a(mulsf3.o)
 .text          0x00000000000008d6        0x0 /usr/lib/gcc/avr/9.3.0/../../../../avr/lib/avr5/libm.a(mulsf3x.o)
 .text          0x00000000000008d6        0x0 /usr/lib/gcc/avr/9.3.0/../../../../avr/lib/avr5/libm.a(fp_inf.o)
 .text          0x00000000000008d6        0x0 /usr/lib/gcc/avr/9.3.0/../../../../avr/lib/avr5/libm.a(fp_nan.o)
 .text          0x00000000000008d6        0x0 /usr/lib/gcc/avr/9.3.0/../../../../avr/lib/avr5/libm.a(fp_pscA.o)
 .text          0x00000000000008d6        0x0 /usr/lib/gcc/avr/9.3.0/../../../../avr/lib/avr5/libm.a(fp_pscB.o)
 .text          0x00000000000008d6        0x0 /usr/lib/gcc/avr/9.3.0/../../../../avr/lib/avr5/libm.a(fp_round.o)
 .text          0x00000000000008d6        0x0 /usr/lib/gcc/avr/9.3.0/avr5/libgcc.a(_divmodsi4.o)
 .text          0x00000000000008d6        0x0 /usr/lib/gcc/avr/9.3.0/avr5/libgcc.a(_negsi2.o)
 .text          0x00000000000008d6        0x0 /usr/lib/gcc/avr/9.3.0/avr5/libgcc.a(_exit.o)
 .text          0x00000000000008d6        0x0 /usr/lib/gcc/avr/9.3.0/avr5/libgcc.a(_tablejump2.o)
 .text          0x00000000000008d6        0x0 /usr/lib/gcc/avr/9.3.0/avr5/libgcc.a(_copy_data.o)
 .text          0x00000000000008d6        0x0 /usr/lib/gcc/avr/9.3.0/avr5/libgcc.a(_clear_bss.o)
 .text          0x00000000000008d6        0x0 /usr/lib/gcc/avr/9.3.0/avr5/libgcc.a(_udivmodsi4.o)
 .text          0x00000000000008d6        0x0 /usr/lib/gcc/avr/9.3.0/../../../../avr/lib/avr5/libc.a(malloc.o)
                0x00000000000008d6                . = ALIGN (0x2)
 *(.text.*)
 .text.startup  0x00000000000008d6      0x264 main.o
                0x00000000000008d6                main
 .text.avr-libc.fplib
                0x0000000000000b3a       0x5e /usr/lib/gcc/avr/9.3.0/../../../../avr/lib/avr5/libm.a(fixunssfsi.o)
                0x0000000000000b3a                __fixunssfsi
 .text.avr-libc.fplib
                0x0000000000000b98       0x7a /usr/lib/gcc/avr/9.3.0/../../../../avr/lib/avr5/libm.a(floatsisf.o)
                0x0000000000000b98                __floatunsisf
                0x0000000000000b9c                __floatsisf
 .text.avr-libc.fplib
                0x0000000000000c12       0x44 /usr/lib/gcc/avr/9.3.0/../../../../avr/lib/avr5/libm.a(fp_split3.o)
                0x0000000000000c12                __fp_split3
                0x0000000000000c22                __fp_splitA
 .text.avr-libc.fplib
                0x0000000000000c56        0xe /usr/lib/gcc/avr/9.3.0/../../../../avr/lib/avr5/libm.a(fp_zero.o)
                0x0000000000000c56                __fp_zero
                0x0000000000000c58                __fp_szero
 .text.avr-libc.fplib
                0x0000000000000c64        0x8 /usr/lib/gcc/avr/9.3.0/../../../../avr/lib/avr5/libm.a(mulsf3.o)
                0x0000000000000c64                __mulsf3
 .text.avr-libc.fplib
                0x0000000000000c6c       0xd2 /usr/lib/gcc/avr/9.3.0/../../../../avr/lib/avr5/libm.a(mulsf3x.o)
                0x0000000000000c8a                __mulsf3x
                0x0000000000000c90                __mulsf3_pse
 .text.avr-libc.fplib
                0x0000000000000d3e        0xc /usr/lib/gcc/avr/9.3.0/../../../../avr/lib/avr5/libm.a(fp_inf.o)
                0x0000000000000d3e                __fp_inf
 .text.avr-libc.fplib
                0x0000000000000d4a        0x6 /usr/lib/gcc/avr/9.3.0/../../../../avr/lib/avr5/libm.a(fp_nan.o)
                0x0000000000000d4a                __fp_nan
 .text.avr-libc.fplib
                0x0000000000000d50        0xe /usr/lib/gcc/avr/9.3.0/../../../../avr/lib/avr5/libm.a(fp_pscA.o)
                0x0000000000000d50                __fp_pscA
 .text.avr-libc.fplib
                0x0000000000000d5e        0xe /usr/lib/gcc/avr/9.3.0/../../../../avr/lib/avr5/libm.a(fp_pscB.o)
                0x0000000000000d5e                __fp_pscB
 .text.avr-libc.fplib
                0x0000000000000d6c       0x22 /usr/lib/gcc/avr/9.3.0/../../../../avr/lib/avr5/libm.a(fp_round.o)
                0x0000000000000d6c                __fp_round
 .text.libgcc.mul
                0x0000000000000d8e        0x0 /usr/lib/gcc/avr/9.3.0/avr5/libgcc.a(_divmodsi4.o)
 .text.libgcc.div
                0x0000000000000d8e       0x2e /usr/lib/gcc/avr/9.3.0/avr5/libgcc.a(_divmodsi4.o)
                0x0000000000000d8e                __divmodsi4
 .text.libgcc   0x0000000000000dbc        0x0 /usr/lib/gcc/avr/9.3.0/avr5/libgcc.a(_divmodsi4.o)
 .text.libgcc.prologue
                0x0000000000000dbc        0x0 /usr/lib/gcc/avr/9.3.0/avr5/libgcc.a(_divmodsi4.o)
 .text.libgcc.builtins
                0x0000000000000dbc        0x0 /usr/lib/gcc/avr/9.3.0/avr5/libgcc.a(_divmodsi4.o)
 .text.libgcc.fmul
                0x0000000000000dbc        0x0 /usr/lib/gcc/avr/9.3.0/avr5/libgcc.a(_divmodsi4.o)
 .text.libgcc.fixed
                0x0000000000000dbc        0x0 /usr/lib/gcc/avr/9.3.0/avr5/libgcc.a(_divmodsi4.o)
 .text.libgcc.mul
                0x0000000000000dbc        0x0 /usr/lib/gcc/avr/9.3.0/avr5/libgcc.a(_negsi2.o)
 .text.libgcc.div
                0x0000000000000dbc       0x10 /usr/lib/gcc/avr/9.3.0/avr5/libgcc.a(_negsi2.o)
                0x0000000000000dbc                __negsi2
 .text.libgcc   0x0000000000000dcc        0x0 /usr/lib/gcc/avr/9.3.0/avr5/libgcc.a(_negsi2.o)
 .text.libgcc.prologue
                0x0000000000000dcc        0x0 /usr/lib/gcc/avr/9.3.0/avr5/libgcc.a(_negsi2.o)
 .text.libgcc.builtins
                0x0000000000000dcc        0x0 /usr/lib/gcc/avr/9.3.0/avr5/libgcc.a(_negsi2.o)
 .text.libgcc.fmul
                0x0000000000000dcc        0x0 /usr/lib/gcc/avr/9.3.0/avr5/libgcc.a(_negsi2.o)
 .text.libgcc.fixed
                0x0000000000000dcc        0x0 /usr/lib/gcc/avr/9.3.0/avr5/libgcc.a(_negsi2.o)
 .text.libgcc.mul
                0x0000000000000dcc        0x0 /usr/lib/gcc/avr/9.3.0/avr5/libgcc.a(_exit.o)
 .text.libgcc.div
                0x0000000000000dcc        0x0 /usr/lib/gcc/avr/9.3.0/avr5/libgcc.a(_exit.o)
 .text.libgcc   0x0000000000000dcc        0x0 /usr/lib/gcc/avr/9.3.0/avr5/libgcc.a(_exit.o)
 .text.libgcc.prologue
                0x0000000000000dcc        0x0 /usr/lib/gcc/avr/9.3.0/avr5/libgcc.a(_exit.o)
 .text.libgcc.builtins
                0x0000000000000dcc        0x0 /usr/lib/gcc/avr/9.3.0/avr5/libgcc.a(_exit.o)
 .text.libgcc.fmul
                0x0000000000000dcc        0x0 /usr/lib/gcc/avr/9.3.0/avr5/libgcc.a(_exit.o)
 .text.libgcc.fixed
                0x0000000000000dcc        0x0 /usr/lib/gcc/avr/9.3.0/avr5/libgcc.a(_exit.o)
 .text.libgcc.mul
                0x0000000000000dcc        0x0 /usr/lib/gcc/avr/9.3.0/avr5/libgcc.a(_tablejump2.o)
 .text.libgcc.div
                0x0000000000000dcc        0x0 /usr/lib/gcc/avr/9.3.0/avr5/libgcc.a(_tablejump2.o)
 .text.libgcc   0x0000000000000dcc        0xc /usr/lib/gcc/avr/9.3.0/avr5/libgcc.a(_tablejump2.o)
                0x0000000000000dcc                __tablejump2__
 .text.libgcc.prologue
                0x0000000000000dd8        0x0 /usr/lib/gcc/avr/9.3.0/avr5/libgcc.a(_tablejump2.o)
 .text.libgcc.builtins
                0x0000000000000dd8        0x0 /usr/lib/gcc/avr/9.3.0/avr5/libgcc.a(_tablejump2.o)
 .text.libgcc.fmul
                0x0000000000000dd8        0x0 /usr/lib/gcc/avr/9.3.0/avr5/libgcc.a(_tablejump2.o)
 .text.libgcc.fixed
                0x0000000000000dd8        0x0 /usr/lib/gcc/avr/9.3.0/avr5/libgcc.a(_tablejump2.o)
 .text.libgcc.mul
                0x0000000000000dd8        0x0 /usr/lib/gcc/avr/9.3.0/avr5/libgcc.a(_copy_data.o)
 .text.libgcc.div
                0x0000000000000dd8        0x0 /usr/lib/gcc/avr/9.3.0/avr5/libgcc.a(_copy_data.o)
 .text.libgcc   0x0000000000000dd8        0x0 /usr/lib/gcc/avr/9.3.0/avr5/libgcc.a(_copy_data.o)
 .text.libgcc.prologue
                0x0000000000000dd8        0x0 /usr/lib/gcc/avr/9.3.0/avr5/libgcc.a(_copy_data.o)
 .text.libgcc.builtins
                0x0000000000000dd8        0x0 /usr/lib/gcc/avr/9.3.0/avr5/libgcc.a(_copy_data.o)
 .text.libgcc.fmul
                0x0000000000000dd8        0x0 /usr/lib/gcc/avr/9.3.0/avr5/libgcc.a(_copy_data.o)
 .text.libgcc.fixed
                0x0000000000000dd8        0x0 /usr/lib/gcc/avr/9.3.0/avr5/libgcc.a(_copy_data.o)
 .text.libgcc.mul
                0x0000000000000dd8        0x0 /usr/lib/gcc/avr/9.3.0/avr5/libgcc.a(_clear_bss.o)
 .text.libgcc.div
                0x0000000000000dd8        0x0 /usr/lib/gcc/avr/9.3.0/avr5/libgcc.a(_clear_bss.o)
 .text.libgcc   0x0000000000000dd8        0x0 /usr/lib/gcc/avr/9.3.0/avr5/libgcc.a(_clear_bss.o)
 .text.libgcc.prologue
                0x0000000000000dd8        0x0 /usr/lib/gcc/avr/9.3.0/avr5/libgcc.a(_clear_bss.o)
 .text.libgcc.builtins
                0x0000000000000dd8        0x0 /usr/lib/gcc/avr/9.3.0/avr5/libgcc.a(_clear_bss.o)
 .text.libgcc.fmul
                0x0000000000000dd8        0x0 /usr/lib/gcc/avr/9.3.0/avr5/libgcc.a(_clear_bss.o)
 .text.libgcc.fixed
                0x0000000000000dd8        0x0 /usr/lib/gcc/avr/9.3.0/avr5/libgcc.a(_clear_bss.o)
 .text.libgcc.mul
                0x0000000000000dd8        0x0 /usr/lib/gcc/avr/9.3.0/avr5/libgcc.a(_udivmodsi4.o)
 .text.libgcc.div
                0x0000000000000dd8       0x44 /usr/lib/gcc/avr/9.3.0/avr5/libgcc.a(_udivmodsi4.o)
                0x0000000000000dd8                __udivmodsi4
 .text.libgcc   0x0000000000000e1c        0x0 /usr/lib/gcc/avr/9.3.0/avr5/libgcc.a(_udivmodsi4.o)
 .text.libgcc.prologue
                0x0000000000000e1c        0x0 /usr/lib/gcc/avr/9.3.0/avr5/libgcc.a(_udivmodsi4.o)
 .text.libgcc.builtins
                0x0000000000000e1c        0x0 /usr/lib/gcc/avr/9.3.0/avr5/libgcc.a(_udivmodsi4.o)
 .text.libgcc.fmul
                0x0000000000000e1c        0x0 /usr/lib/gcc/avr/9.3.0/avr5/libgcc.a(_udivmodsi4.o)
 .text.libgcc.fixed
                0x0000000000000e1c        0x0 /usr/lib/gcc/avr/9.3.0/avr5/libgcc.a(_udivmodsi4.o)
 .text.avr-libc
                0x0000000000000e1c      0x254 /usr/lib/gcc/avr/9.3.0/../../../../avr/lib/avr5/libc.a(malloc.o)
                0x0000000000000e1c                malloc
                0x0000000000000f4e                free
                0x0000000000001070                . = ALIGN (0x2)
 *(.fini9)
 .fini9         0x0000000000001070        0x0 /usr/lib/gcc/avr/9.3.0/avr5/libgcc.a(_exit.o)
                0x0000000000001070                exit
                0x0000000000001070                _exit
 *(.fini9)
 *(.fini8)
 *(.fini8)
 *(.fini7)
 *(.fini7)
 *(.fini6)
 *(.fini6)
 *(.fini5)
 *(.fini5)
 *(.fini4)
 *(.fini4)
 *(.fini3)
 *(.fini3)
 *(.fini2)
 *(.fini2)
 *(.fini1)
 *(.fini1)
 *(.fini0)
 .fini0         0x0000000000001070        0x4 /usr/lib/gcc/avr/9.3.0/avr5/libgcc.a(_exit.o)
 *(.fini0)
 *(.hightext)
 *(.hightext*)
 *(.progmemx.*)
                0x0000000000001074                . = ALIGN (0x2)
 *(.jumptables)
 *(.jumptables*)
 .jumptables.gcc.__vector_36
                0x0000000000001074       0x44 main.o
 .jumptables.gcc.main
                0x00000000000010b8       0x14 main.o
                0x00000000000010cc                _etext = .

.data           0x0000000000800100       0xa8 load address 0x00000000000010cc
                0x0000000000800100                PROVIDE (__data_start = .)
 *(.data)
 .data          0x0000000000800100        0x0 /usr/lib/gcc/avr/9.3.0/../../../../avr/lib/avr5/crtatmega32u4.o
 .data          0x0000000000800100       0xa2 main.o
                0x0000000000800100                commands2
                0x0000000000800188                commands
                0x000000000080019e                fanlevel
                0x000000000080019f                newbllevel
                0x00000000008001a0                bllevel
                0x00000000008001a1                commandbyte
 .data          0x00000000008001a2        0x0 /usr/lib/gcc/avr/9.3.0/../../../../avr/lib/avr5/libm.a(fixunssfsi.o)
 .data          0x00000000008001a2        0x0 /usr/lib/gcc/avr/9.3.0/../../../../avr/lib/avr5/libm.a(floatsisf.o)
 .data          0x00000000008001a2        0x0 /usr/lib/gcc/avr/9.3.0/../../../../avr/lib/avr5/libm.a(fp_split3.o)
 .data          0x00000000008001a2        0x0 /usr/lib/gcc/avr/9.3.0/../../../../avr/lib/avr5/libm.a(fp_zero.o)
 .data          0x00000000008001a2        0x0 /usr/lib/gcc/avr/9.3.0/../../../../avr/lib/avr5/libm.a(mulsf3.o)
 .data          0x00000000008001a2        0x0 /usr/lib/gcc/avr/9.3.0/../../../../avr/lib/avr5/libm.a(mulsf3x.o)
 .data          0x00000000008001a2        0x0 /usr/lib/gcc/avr/9.3.0/../../../../avr/lib/avr5/libm.a(fp_inf.o)
 .data          0x00000000008001a2        0x0 /usr/lib/gcc/avr/9.3.0/../../../../avr/lib/avr5/libm.a(fp_nan.o)
 .data          0x00000000008001a2        0x0 /usr/lib/gcc/avr/9.3.0/../../../../avr/lib/avr5/libm.a(fp_pscA.o)
 .data          0x00000000008001a2        0x0 /usr/lib/gcc/avr/9.3.0/../../../../avr/lib/avr5/libm.a(fp_pscB.o)
 .data          0x00000000008001a2        0x0 /usr/lib/gcc/avr/9.3.0/../../../../avr/lib/avr5/libm.a(fp_round.o)
 .data          0x00000000008001a2        0x0 /usr/lib/gcc/avr/9.3.0/avr5/libgcc.a(_divmodsi4.o)
 .data          0x00000000008001a2        0x0 /usr/lib/gcc/avr/9.3.0/avr5/libgcc.a(_negsi2.o)
 .data          0x00000000008001a2        0x0 /usr/lib/gcc/avr/9.3.0/avr5/libgcc.a(_exit.o)
 .data          0x00000000008001a2        0x0 /usr/lib/gcc/avr/9.3.0/avr5/libgcc.a(_tablejump2.o)
 .data          0x00000000008001a2        0x0 /usr/lib/gcc/avr/9.3.0/avr5/libgcc.a(_copy_data.o)
 .data          0x00000000008001a2        0x0 /usr/lib/gcc/avr/9.3.0/avr5/libgcc.a(_clear_bss.o)
 .data          0x00000000008001a2        0x0 /usr/lib/gcc/avr/9.3.0/avr5/libgcc.a(_udivmodsi4.o)
 .data          0x00000000008001a2        0x6 /usr/lib/gcc/avr/9.3.0/../../../../avr/lib/avr5/libc.a(malloc.o)
                0x00000000008001a2                __malloc_heap_end
                0x00000000008001a4                __malloc_heap_start
                0x00000000008001a6                __malloc_margin
 *(.data*)
 *(.gnu.linkonce.d*)
 *(.rodata)
 *(.rodata*)
 *(.gnu.linkonce.r*)
                0x00000000008001a8                . = ALIGN (0x2)
                0x00000000008001a8                _edata = .
                0x00000000008001a8                PROVIDE (__data_end = .)

.bss            0x00000000008001a8       0x2e
                0x00000000008001a8                PROVIDE (__bss_start = .)
 *(.bss)
 .bss           0x00000000008001a8        0x0 /usr/lib/gcc/avr/9.3.0/../../../../avr/lib/avr5/crtatmega32u4.o
 .bss           0x00000000008001a8        0x4 main.o
                0x00000000008001a8                i2cbuffer
                0x00000000008001aa                i2cerror
                0x00000000008001ab                a7count
 .bss           0x00000000008001ac        0x0 /usr/lib/gcc/avr/9.3.0/../../../../avr/lib/avr5/libm.a(fixunssfsi.o)
 .bss           0x00000000008001ac        0x0 /usr/lib/gcc/avr/9.3.0/../../../../avr/lib/avr5/libm.a(floatsisf.o)
 .bss           0x00000000008001ac        0x0 /usr/lib/gcc/avr/9.3.0/../../../../avr/lib/avr5/libm.a(fp_split3.o)
 .bss           0x00000000008001ac        0x0 /usr/lib/gcc/avr/9.3.0/../../../../avr/lib/avr5/libm.a(fp_zero.o)
 .bss           0x00000000008001ac        0x0 /usr/lib/gcc/avr/9.3.0/../../../../avr/lib/avr5/libm.a(mulsf3.o)
 .bss           0x00000000008001ac        0x0 /usr/lib/gcc/avr/9.3.0/../../../../avr/lib/avr5/libm.a(mulsf3x.o)
 .bss           0x00000000008001ac        0x0 /usr/lib/gcc/avr/9.3.0/../../../../avr/lib/avr5/libm.a(fp_inf.o)
 .bss           0x00000000008001ac        0x0 /usr/lib/gcc/avr/9.3.0/../../../../avr/lib/avr5/libm.a(fp_nan.o)
 .bss           0x00000000008001ac        0x0 /usr/lib/gcc/avr/9.3.0/../../../../avr/lib/avr5/libm.a(fp_pscA.o)
 .bss           0x00000000008001ac        0x0 /usr/lib/gcc/avr/9.3.0/../../../../avr/lib/avr5/libm.a(fp_pscB.o)
 .bss           0x00000000008001ac        0x0 /usr/lib/gcc/avr/9.3.0/../../../../avr/lib/avr5/libm.a(fp_round.o)
 .bss           0x00000000008001ac        0x0 /usr/lib/gcc/avr/9.3.0/avr5/libgcc.a(_divmodsi4.o)
 .bss           0x00000000008001ac        0x0 /usr/lib/gcc/avr/9.3.0/avr5/libgcc.a(_negsi2.o)
 .bss           0x00000000008001ac        0x0 /usr/lib/gcc/avr/9.3.0/avr5/libgcc.a(_exit.o)
 .bss           0x00000000008001ac        0x0 /usr/lib/gcc/avr/9.3.0/avr5/libgcc.a(_tablejump2.o)
 .bss           0x00000000008001ac        0x0 /usr/lib/gcc/avr/9.3.0/avr5/libgcc.a(_copy_data.o)
 .bss           0x00000000008001ac        0x0 /usr/lib/gcc/avr/9.3.0/avr5/libgcc.a(_clear_bss.o)
 .bss           0x00000000008001ac        0x0 /usr/lib/gcc/avr/9.3.0/avr5/libgcc.a(_udivmodsi4.o)
 .bss           0x00000000008001ac        0x0 /usr/lib/gcc/avr/9.3.0/../../../../avr/lib/avr5/libc.a(malloc.o)
 *(.bss*)
 *(COMMON)
 COMMON         0x00000000008001ac       0x26 main.o
                0x00000000008001ac                vcc
                0x00000000008001ae                a1
                0x00000000008001b0                changeled
                0x00000000008001b1                temp
                0x00000000008001b3                a3
                0x00000000008001b5                buffer_address
                0x00000000008001b6                crc
                0x00000000008001b7                led
                0x00000000008001ba                fanspin
                0x00000000008001bc                twdrbuffer
                0x00000000008001bd                rpm
                0x00000000008001bf                a7
                0x00000000008001c1                a7avg
                0x00000000008001c3                a7max
                0x00000000008001c5                a5
                0x00000000008001c7                a7min
                0x00000000008001c9                a2
                0x00000000008001cb                count
                0x00000000008001cc                isrtimer
                0x00000000008001ce                a0
                0x00000000008001d0                a4
 COMMON         0x00000000008001d2        0x4 /usr/lib/gcc/avr/9.3.0/../../../../avr/lib/avr5/libc.a(malloc.o)
                0x00000000008001d2                __brkval
                0x00000000008001d4                __flp
                0x00000000008001d6                PROVIDE (__bss_end = .)
                0x00000000000010cc                __data_load_start = LOADADDR (.data)
                0x0000000000001174                __data_load_end = (__data_load_start + SIZEOF (.data))

.noinit         0x00000000008001d6        0x0
                [!provide]                        PROVIDE (__noinit_start = .)
 *(.noinit*)
                [!provide]                        PROVIDE (__noinit_end = .)
                0x00000000008001d6                _end = .
                0x00000000008001d6                PROVIDE (__heap_start = .)

.eeprom         0x0000000000810000        0x0
 *(.eeprom*)
                0x0000000000810000                __eeprom_end = .

.fuse
 *(.fuse)
 *(.lfuse)
 *(.hfuse)
 *(.efuse)

.lock
 *(.lock*)

.signature
 *(.signature*)

.stab
 *(.stab)

.stabstr
 *(.stabstr)

.stab.excl
 *(.stab.excl)

.stab.exclstr
 *(.stab.exclstr)

.stab.index
 *(.stab.index)

.stab.indexstr
 *(.stab.indexstr)

.comment        0x0000000000000000       0x22
 *(.comment)
 .comment       0x0000000000000000       0x11 main.o
                                         0x12 (size before relaxing)
 .comment       0x0000000000000011       0x11 /usr/lib/gcc/avr/9.3.0/../../../../avr/lib/avr5/libc.a(malloc.o)
                                         0x12 (size before relaxing)

.note.gnu.avr.deviceinfo
                0x0000000000000000       0x40
 .note.gnu.avr.deviceinfo
                0x0000000000000000       0x40 /usr/lib/gcc/avr/9.3.0/../../../../avr/lib/avr5/crtatmega32u4.o

.note.gnu.build-id
 *(.note.gnu.build-id)

.debug
 *(.debug)

.line
 *(.line)

.debug_srcinfo
 *(.debug_srcinfo)

.debug_sfnames
 *(.debug_sfnames)

.debug_aranges  0x0000000000000000       0x28
 *(.debug_aranges)
 .debug_aranges
                0x0000000000000000       0x28 main.o

.debug_pubnames
 *(.debug_pubnames)

.debug_info     0x0000000000000000     0x1a4c
 *(.debug_info .gnu.linkonce.wi.*)
 .debug_info    0x0000000000000000      0x9f4 /usr/lib/gcc/avr/9.3.0/../../../../avr/lib/avr5/crtatmega32u4.o
 .debug_info    0x00000000000009f4     0x1058 main.o

.debug_abbrev   0x0000000000000000      0xd16
 *(.debug_abbrev)
 .debug_abbrev  0x0000000000000000      0x96a /usr/lib/gcc/avr/9.3.0/../../../../avr/lib/avr5/crtatmega32u4.o
 .debug_abbrev  0x000000000000096a      0x3ac main.o

.debug_line     0x0000000000000000     0x208e
 *(.debug_line .debug_line.* .debug_line_end)
 .debug_line    0x0000000000000000       0x1d /usr/lib/gcc/avr/9.3.0/../../../../avr/lib/avr5/crtatmega32u4.o
 .debug_line    0x000000000000001d     0x2071 main.o

.debug_frame    0x0000000000000000      0x1cc
 *(.debug_frame)
 .debug_frame   0x0000000000000000      0x1cc main.o

.debug_str      0x0000000000000000      0x76e
 *(.debug_str)
 .debug_str     0x0000000000000000      0x371 /usr/lib/gcc/avr/9.3.0/../../../../avr/lib/avr5/crtatmega32u4.o
 .debug_str     0x0000000000000371      0x3fd main.o
                                        0x456 (size before relaxing)

.debug_loc      0x0000000000000000      0xbcc
 *(.debug_loc)
 .debug_loc     0x0000000000000000      0xbcc main.o

.debug_macinfo
 *(.debug_macinfo)

.debug_weaknames
 *(.debug_weaknames)

.debug_funcnames
 *(.debug_funcnames)

.debug_typenames
 *(.debug_typenames)

.debug_varnames
 *(.debug_varnames)

.debug_pubtypes
 *(.debug_pubtypes)

.debug_ranges   0x0000000000000000       0x30
 *(.debug_ranges)
 .debug_ranges  0x0000000000000000       0x30 main.o

.debug_macro
 *(.debug_macro)

.debug_addr
 *(.debug_addr)
OUTPUT(main.elf elf32-avr)
LOAD linker stubs

Cross Reference Table

Symbol                                            File
GetTemp                                           main.o
I2C_init                                          main.o
__bad_interrupt                                   /usr/lib/gcc/avr/9.3.0/../../../../avr/lib/avr5/crtatmega32u4.o
__brkval                                          /usr/lib/gcc/avr/9.3.0/../../../../avr/lib/avr5/libc.a(malloc.o)
                                                  main.o
__bss_end                                         /usr/lib/gcc/avr/9.3.0/avr5/libgcc.a(_clear_bss.o)
__bss_start                                       /usr/lib/gcc/avr/9.3.0/avr5/libgcc.a(_clear_bss.o)
__data_end                                        /usr/lib/gcc/avr/9.3.0/avr5/libgcc.a(_copy_data.o)
__data_load_start                                 /usr/lib/gcc/avr/9.3.0/avr5/libgcc.a(_copy_data.o)
__data_start                                      /usr/lib/gcc/avr/9.3.0/avr5/libgcc.a(_copy_data.o)
__divmodsi4                                       /usr/lib/gcc/avr/9.3.0/avr5/libgcc.a(_divmodsi4.o)
                                                  main.o
__do_clear_bss                                    /usr/lib/gcc/avr/9.3.0/avr5/libgcc.a(_clear_bss.o)
                                                  /usr/lib/gcc/avr/9.3.0/../../../../avr/lib/avr5/libc.a(malloc.o)
                                                  main.o
__do_copy_data                                    /usr/lib/gcc/avr/9.3.0/avr5/libgcc.a(_copy_data.o)
                                                  /usr/lib/gcc/avr/9.3.0/../../../../avr/lib/avr5/libc.a(malloc.o)
                                                  main.o
__fixunssfsi                                      /usr/lib/gcc/avr/9.3.0/../../../../avr/lib/avr5/libm.a(fixunssfsi.o)
                                                  main.o
__floatsisf                                       /usr/lib/gcc/avr/9.3.0/../../../../avr/lib/avr5/libm.a(floatsisf.o)
__floatunsisf                                     /usr/lib/gcc/avr/9.3.0/../../../../avr/lib/avr5/libm.a(floatsisf.o)
                                                  main.o
__flp                                             /usr/lib/gcc/avr/9.3.0/../../../../avr/lib/avr5/libc.a(malloc.o)
__fp_inf                                          /usr/lib/gcc/avr/9.3.0/../../../../avr/lib/avr5/libm.a(fp_inf.o)
                                                  /usr/lib/gcc/avr/9.3.0/../../../../avr/lib/avr5/libm.a(mulsf3x.o)
__fp_nan                                          /usr/lib/gcc/avr/9.3.0/../../../../avr/lib/avr5/libm.a(fp_nan.o)
                                                  /usr/lib/gcc/avr/9.3.0/../../../../avr/lib/avr5/libm.a(mulsf3x.o)
__fp_pscA                                         /usr/lib/gcc/avr/9.3.0/../../../../avr/lib/avr5/libm.a(fp_pscA.o)
                                                  /usr/lib/gcc/avr/9.3.0/../../../../avr/lib/avr5/libm.a(mulsf3x.o)
__fp_pscB                                         /usr/lib/gcc/avr/9.3.0/../../../../avr/lib/avr5/libm.a(fp_pscB.o)
                                                  /usr/lib/gcc/avr/9.3.0/../../../../avr/lib/avr5/libm.a(mulsf3x.o)
__fp_round                                        /usr/lib/gcc/avr/9.3.0/../../../../avr/lib/avr5/libm.a(fp_round.o)
                                                  /usr/lib/gcc/avr/9.3.0/../../../../avr/lib/avr5/libm.a(mulsf3.o)
__fp_split3                                       /usr/lib/gcc/avr/9.3.0/../../../../avr/lib/avr5/libm.a(fp_split3.o)
                                                  /usr/lib/gcc/avr/9.3.0/../../../../avr/lib/avr5/libm.a(mulsf3x.o)
__fp_splitA                                       /usr/lib/gcc/avr/9.3.0/../../../../avr/lib/avr5/libm.a(fp_split3.o)
                                                  /usr/lib/gcc/avr/9.3.0/../../../../avr/lib/avr5/libm.a(fixunssfsi.o)
__fp_szero                                        /usr/lib/gcc/avr/9.3.0/../../../../avr/lib/avr5/libm.a(fp_zero.o)
                                                  /usr/lib/gcc/avr/9.3.0/../../../../avr/lib/avr5/libm.a(mulsf3x.o)
__fp_zero                                         /usr/lib/gcc/avr/9.3.0/../../../../avr/lib/avr5/libm.a(fp_zero.o)
                                                  /usr/lib/gcc/avr/9.3.0/../../../../avr/lib/avr5/libm.a(fixunssfsi.o)
__heap_end                                        /usr/lib/gcc/avr/9.3.0/../../../../avr/lib/avr5/crtatmega32u4.o
                                                  /usr/lib/gcc/avr/9.3.0/../../../../avr/lib/avr5/libc.a(malloc.o)
__heap_start                                      /usr/lib/gcc/avr/9.3.0/../../../../avr/lib/avr5/libc.a(malloc.o)
                                                  main.o
__init                                            /usr/lib/gcc/avr/9.3.0/../../../../avr/lib/avr5/crtatmega32u4.o
__malloc_heap_end                                 /usr/lib/gcc/avr/9.3.0/../../../../avr/lib/avr5/libc.a(malloc.o)
__malloc_heap_start                               /usr/lib/gcc/avr/9.3.0/../../../../avr/lib/avr5/libc.a(malloc.o)
__malloc_margin                                   /usr/lib/gcc/avr/9.3.0/../../../../avr/lib/avr5/libc.a(malloc.o)
__mulsf3                                          /usr/lib/gcc/avr/9.3.0/../../../../avr/lib/avr5/libm.a(mulsf3.o)
                                                  main.o
__mulsf3_pse                                      /usr/lib/gcc/avr/9.3.0/../../../../avr/lib/avr5/libm.a(mulsf3x.o)
__mulsf3x                                         /usr/lib/gcc/avr/9.3.0/../../../../avr/lib/avr5/libm.a(mulsf3x.o)
                                                  /usr/lib/gcc/avr/9.3.0/../../../../avr/lib/avr5/libm.a(mulsf3.o)
__negsi2                                          /usr/lib/gcc/avr/9.3.0/avr5/libgcc.a(_negsi2.o)
                                                  /usr/lib/gcc/avr/9.3.0/avr5/libgcc.a(_divmodsi4.o)
__stack                                           /usr/lib/gcc/avr/9.3.0/../../../../avr/lib/avr5/crtatmega32u4.o
__tablejump2__                                    /usr/lib/gcc/avr/9.3.0/avr5/libgcc.a(_tablejump2.o)
                                                  main.o
__udivmodsi4                                      /usr/lib/gcc/avr/9.3.0/avr5/libgcc.a(_udivmodsi4.o)
                                                  /usr/lib/gcc/avr/9.3.0/avr5/libgcc.a(_divmodsi4.o)
__vector_1                                        /usr/lib/gcc/avr/9.3.0/../../../../avr/lib/avr5/crtatmega32u4.o
__vector_10                                       /usr/lib/gcc/avr/9.3.0/../../../../avr/lib/avr5/crtatmega32u4.o
__vector_11                                       /usr/lib/gcc/avr/9.3.0/../../../../avr/lib/avr5/crtatmega32u4.o
__vector_12                                       /usr/lib/gcc/avr/9.3.0/../../../../avr/lib/avr5/crtatmega32u4.o
__vector_13                                       /usr/lib/gcc/avr/9.3.0/../../../../avr/lib/avr5/crtatmega32u4.o
__vector_14                                       /usr/lib/gcc/avr/9.3.0/../../../../avr/lib/avr5/crtatmega32u4.o
__vector_15                                       /usr/lib/gcc/avr/9.3.0/../../../../avr/lib/avr5/crtatmega32u4.o
__vector_16                                       /usr/lib/gcc/avr/9.3.0/../../../../avr/lib/avr5/crtatmega32u4.o
__vector_17                                       /usr/lib/gcc/avr/9.3.0/../../../../avr/lib/avr5/crtatmega32u4.o
__vector_18                                       /usr/lib/gcc/avr/9.3.0/../../../../avr/lib/avr5/crtatmega32u4.o
__vector_19                                       /usr/lib/gcc/avr/9.3.0/../../../../avr/lib/avr5/crtatmega32u4.o
__vector_2                                        /usr/lib/gcc/avr/9.3.0/../../../../avr/lib/avr5/crtatmega32u4.o
__vector_20                                       /usr/lib/gcc/avr/9.3.0/../../../../avr/lib/avr5/crtatmega32u4.o
__vector_21                                       /usr/lib/gcc/avr/9.3.0/../../../../avr/lib/avr5/crtatmega32u4.o
__vector_22                                       /usr/lib/gcc/avr/9.3.0/../../../../avr/lib/avr5/crtatmega32u4.o
__vector_23                                       main.o
                                                  /usr/lib/gcc/avr/9.3.0/../../../../avr/lib/avr5/crtatmega32u4.o
__vector_24                                       /usr/lib/gcc/avr/9.3.0/../../../../avr/lib/avr5/crtatmega32u4.o
__vector_25                                       /usr/lib/gcc/avr/9.3.0/../../../../avr/lib/avr5/crtatmega32u4.o
__vector_26                                       /usr/lib/gcc/avr/9.3.0/../../../../avr/lib/avr5/crtatmega32u4.o
__vector_27                                       /usr/lib/gcc/avr/9.3.0/../../../../avr/lib/avr5/crtatmega32u4.o
__vector_28                                       /usr/lib/gcc/avr/9.3.0/../../../../avr/lib/avr5/crtatmega32u4.o
__vector_29                                       /usr/lib/gcc/avr/9.3.0/../../../../avr/lib/avr5/crtatmega32u4.o
__vector_3                                        /usr/lib/gcc/avr/9.3.0/../../../../avr/lib/avr5/crtatmega32u4.o
__vector_30                                       /usr/lib/gcc/avr/9.3.0/../../../../avr/lib/avr5/crtatmega32u4.o
__vector_31                                       /usr/lib/gcc/avr/9.3.0/../../../../avr/lib/avr5/crtatmega32u4.o
__vector_32                                       /usr/lib/gcc/avr/9.3.0/../../../../avr/lib/avr5/crtatmega32u4.o
__vector_33                                       /usr/lib/gcc/avr/9.3.0/../../../../avr/lib/avr5/crtatmega32u4.o
__vector_34                                       /usr/lib/gcc/avr/9.3.0/../../../../avr/lib/avr5/crtatmega32u4.o
__vector_35                                       /usr/lib/gcc/avr/9.3.0/../../../../avr/lib/avr5/crtatmega32u4.o
__vector_36                                       main.o
                                                  /usr/lib/gcc/avr/9.3.0/../../../../avr/lib/avr5/crtatmega32u4.o
__vector_37                                       /usr/lib/gcc/avr/9.3.0/../../../../avr/lib/avr5/crtatmega32u4.o
__vector_38                                       /usr/lib/gcc/avr/9.3.0/../../../../avr/lib/avr5/crtatmega32u4.o
__vector_39                                       /usr/lib/gcc/avr/9.3.0/../../../../avr/lib/avr5/crtatmega32u4.o
__vector_4                                        /usr/lib/gcc/avr/9.3.0/../../../../avr/lib/avr5/crtatmega32u4.o
__vector_40                                       /usr/lib/gcc/avr/9.3.0/../../../../avr/lib/avr5/crtatmega32u4.o
__vector_41                                       /usr/lib/gcc/avr/9.3.0/../../../../avr/lib/avr5/crtatmega32u4.o
__vector_42                                       /usr/lib/gcc/avr/9.3.0/../../../../avr/lib/avr5/crtatmega32u4.o
__vector_5                                        /usr/lib/gcc/avr/9.3.0/../../../../avr/lib/avr5/crtatmega32u4.o
__vector_6                                        /usr/lib/gcc/avr/9.3.0/../../../../avr/lib/avr5/crtatmega32u4.o
__vector_7                                        /usr/lib/gcc/avr/9.3.0/../../../../avr/lib/avr5/crtatmega32u4.o
__vector_8                                        /usr/lib/gcc/avr/9.3.0/../../../../avr/lib/avr5/crtatmega32u4.o
__vector_9                                        main.o
                                                  /usr/lib/gcc/avr/9.3.0/../../../../avr/lib/avr5/crtatmega32u4.o
__vector_default                                  /usr/lib/gcc/avr/9.3.0/../../../../avr/lib/avr5/crtatmega32u4.o
__vectors                                         /usr/lib/gcc/avr/9.3.0/../../../../avr/lib/avr5/crtatmega32u4.o
_exit                                             /usr/lib/gcc/avr/9.3.0/avr5/libgcc.a(_exit.o)
a0                                                main.o
a1                                                main.o
a2                                                main.o
a3                                                main.o
a4                                                main.o
a5                                                main.o
a7                                                main.o
a7avg                                             main.o
a7count                                           main.o
a7max                                             main.o
a7min                                             main.o
bllevel                                           main.o
buffer_address                                    main.o
changeled                                         main.o
commandbyte                                       main.o
commands                                          main.o
commands2                                         main.o
count                                             main.o
crc                                               main.o
exit                                              /usr/lib/gcc/avr/9.3.0/avr5/libgcc.a(_exit.o)
                                                  /usr/lib/gcc/avr/9.3.0/../../../../avr/lib/avr5/crtatmega32u4.o
fanlevel                                          main.o
fanspin                                           main.o
free                                              /usr/lib/gcc/avr/9.3.0/../../../../avr/lib/avr5/libc.a(malloc.o)
freeRam                                           main.o
i2cbuffer                                         main.o
i2cerror                                          main.o
initbl                                            main.o
isrtimer                                          main.o
led                                               main.o
main                                              main.o
                                                  /usr/lib/gcc/avr/9.3.0/../../../../avr/lib/avr5/crtatmega32u4.o
malloc                                            /usr/lib/gcc/avr/9.3.0/../../../../avr/lib/avr5/libc.a(malloc.o)
newbllevel                                        main.o
readAna                                           main.o
readVcc                                           main.o
rpm                                               main.o
setup                                             main.o
setup_lcd                                         main.o
temp                                              main.o
twdrbuffer                                        main.o
vcc                                               main.o
write                                             main.o
writebl                                           main.o
ws2812_sendarray                                  main.o
ws2812_sendarray_mask                             main.o
ws2812_setleds                                    main.o
ws2812_setleds_pin                                main.o
